FSM 1 : VALID TRANSITION GRAPH

00100000 : FSM STATE NOT REACHABLE FROM OUTSIDE.

   OUTGOING TRANSITIONS:
      01000000

   INCOMING TRANSITIONS:
      00010000


01000000 : FSM STATE NOT REACHABLE FROM OUTSIDE.

   OUTGOING TRANSITIONS:
      00000001
      10000000

   INCOMING TRANSITIONS:
      00001000
      00100000


00001000 : FSM STATE NOT REACHABLE FROM OUTSIDE.

   OUTGOING TRANSITIONS:
      00000100
      01000000

   INCOMING TRANSITIONS:
      00000010
      00000100


00010000 : FSM STATE NOT REACHABLE FROM OUTSIDE.

   OUTGOING TRANSITIONS:
      00100000
      10000000


10000000 : FSM STATE NOT REACHABLE FROM OUTSIDE.

   OUTGOING TRANSITIONS:
      00000001

   INCOMING TRANSITIONS:
      00000010
      00010000
      01000000


00000001 : STATE IS REACHABLE FROM OUTSIDE.

   OUTGOING TRANSITIONS:
      00000010

   INCOMING TRANSITIONS:
      01000000
      10000000


00000010 : FSM STATE NOT REACHABLE FROM OUTSIDE.

   OUTGOING TRANSITIONS:
      10000000
      00001000

   INCOMING TRANSITIONS:
      00000001


00000100 : FSM STATE NOT REACHABLE FROM OUTSIDE.

   OUTGOING TRANSITIONS:
      00001000

   INCOMING TRANSITIONS:
      00001000


FSM 2 : VALID TRANSITION GRAPH

00001 : STATE IS REACHABLE FROM OUTSIDE.

   OUTGOING TRANSITIONS:
      00010

   INCOMING TRANSITIONS:
      10000


00010 : FSM STATE NOT REACHABLE FROM OUTSIDE.

   OUTGOING TRANSITIONS:
      00100

   INCOMING TRANSITIONS:
      00001


00100 : FSM STATE NOT REACHABLE FROM OUTSIDE.

   OUTGOING TRANSITIONS:
      10000

   INCOMING TRANSITIONS:
      00010


01000 : FSM STATE NOT REACHABLE FROM OUTSIDE.

   OUTGOING TRANSITIONS:
      10000


10000 : FSM STATE NOT REACHABLE FROM OUTSIDE.

   OUTGOING TRANSITIONS:
      00001

   INCOMING TRANSITIONS:
      00100
      01000


FSM 1 : VALID TRANSITION GRAPH

00100000 : FSM STATE NOT REACHABLE FROM OUTSIDE.

   OUTGOING TRANSITIONS:
      01000000

   INCOMING TRANSITIONS:
      00010000


01000000 : FSM STATE NOT REACHABLE FROM OUTSIDE.

   OUTGOING TRANSITIONS:
      00000001
      10000000

   INCOMING TRANSITIONS:
      00001000
      00100000


00001000 : FSM STATE NOT REACHABLE FROM OUTSIDE.

   OUTGOING TRANSITIONS:
      00000100
      01000000

   INCOMING TRANSITIONS:
      00000010
      00000100


00010000 : FSM STATE NOT REACHABLE FROM OUTSIDE.

   OUTGOING TRANSITIONS:
      00100000
      10000000


10000000 : FSM STATE NOT REACHABLE FROM OUTSIDE.

   OUTGOING TRANSITIONS:
      00000001

   INCOMING TRANSITIONS:
      00000010
      00010000
      01000000


00000001 : STATE IS REACHABLE FROM OUTSIDE.

   OUTGOING TRANSITIONS:
      00000010

   INCOMING TRANSITIONS:
      01000000
      10000000


00000010 : FSM STATE NOT REACHABLE FROM OUTSIDE.

   OUTGOING TRANSITIONS:
      10000000
      00001000

   INCOMING TRANSITIONS:
      00000001


00000100 : FSM STATE NOT REACHABLE FROM OUTSIDE.

   OUTGOING TRANSITIONS:
      00001000

   INCOMING TRANSITIONS:
      00001000


FSM 2 : VALID TRANSITION GRAPH

00001 : STATE IS REACHABLE FROM OUTSIDE.

   OUTGOING TRANSITIONS:
      00010

   INCOMING TRANSITIONS:
      10000


00010 : FSM STATE NOT REACHABLE FROM OUTSIDE.

   OUTGOING TRANSITIONS:
      00100

   INCOMING TRANSITIONS:
      00001


00100 : FSM STATE NOT REACHABLE FROM OUTSIDE.

   OUTGOING TRANSITIONS:
      10000

   INCOMING TRANSITIONS:
      00010


01000 : FSM STATE NOT REACHABLE FROM OUTSIDE.

   OUTGOING TRANSITIONS:
      10000


10000 : FSM STATE NOT REACHABLE FROM OUTSIDE.

   OUTGOING TRANSITIONS:
      00001

   INCOMING TRANSITIONS:
      00100
      01000


